// Jest Snapshot v1, https://goo.gl/fbAQLP

exports[`Pruebas en <GifItem/> debe de hacer match con el snapshot 1`] = `
<div>
  <div
    class="card"
  >
    <img
      alt="totoro"
      src="http://totoro.com/totoro.jpg"
    />
    <p>
      totoro
    </p>
  </div>
</div>
`;
